[env] datasets_root = C:\TensorLabMarylandProject\hf_bundle\github_exports_datasets
[env] advisory: paths not present (fine unless an enabled endpoint needs them): ['GRCh37', 'raw_data.kucab_raw_dir', 'raw_data.pcawg_dir']
[muat_style_tcga_comparator] starting
[muat_compatible] 81 tumour(s) exceeded max_events=5000 and were down-sampled with a seeded per-sample RNG (seed=20260524)
[muat_style_tcga_comparator] training endpoint=cancer_type_top20 fold=1/5 train=7040 test=1760 epochs=150
[muat_style_tcga_comparator] endpoint=cancer_type_top20 fold=1/5 architecture_search_candidates=18 search_epochs=3
[muat_style_tcga_comparator] endpoint=cancer_type_top20 fold=1/5 candidate=1/18 embed=128 layers=1 heads=1 selection_epoch=1/3 inner_balanced_accuracy=0.283529
[muat_style_tcga_comparator] endpoint=cancer_type_top20 fold=1/5 candidate=1/18 embed=128 layers=1 heads=1 selection_epoch=3/3 inner_balanced_accuracy=0.30716
[muat_style_tcga_comparator] endpoint=cancer_type_top20 fold=1/5 candidate=2/18 embed=128 layers=1 heads=2 selection_epoch=1/3 inner_balanced_accuracy=0.276668
[muat_style_tcga_comparator] endpoint=cancer_type_top20 fold=1/5 candidate=2/18 embed=128 layers=1 heads=2 selection_epoch=3/3 inner_balanced_accuracy=0.349171
[muat_style_tcga_comparator] endpoint=cancer_type_top20 fold=1/5 candidate=3/18 embed=128 layers=2 heads=1 selection_epoch=1/3 inner_balanced_accuracy=0.305453
[muat_style_tcga_comparator] endpoint=cancer_type_top20 fold=1/5 candidate=3/18 embed=128 layers=2 heads=1 selection_epoch=3/3 inner_balanced_accuracy=0.399741
[muat_style_tcga_comparator] endpoint=cancer_type_top20 fold=1/5 candidate=4/18 embed=128 layers=2 heads=2 selection_epoch=1/3 inner_balanced_accuracy=0.312761
[muat_style_tcga_comparator] endpoint=cancer_type_top20 fold=1/5 candidate=4/18 embed=128 layers=2 heads=2 selection_epoch=3/3 inner_balanced_accuracy=0.403929
[muat_style_tcga_comparator] endpoint=cancer_type_top20 fold=1/5 candidate=5/18 embed=128 layers=4 heads=1 selection_epoch=1/3 inner_balanced_accuracy=0.289555
[muat_style_tcga_comparator] endpoint=cancer_type_top20 fold=1/5 candidate=5/18 embed=128 layers=4 heads=1 selection_epoch=3/3 inner_balanced_accuracy=0.427698
[muat_style_tcga_comparator] endpoint=cancer_type_top20 fold=1/5 candidate=6/18 embed=128 layers=4 heads=2 selection_epoch=1/3 inner_balanced_accuracy=0.328952
[muat_style_tcga_comparator] endpoint=cancer_type_top20 fold=1/5 candidate=6/18 embed=128 layers=4 heads=2 selection_epoch=3/3 inner_balanced_accuracy=0.38267
[muat_style_tcga_comparator] endpoint=cancer_type_top20 fold=1/5 candidate=7/18 embed=256 layers=1 heads=1 selection_epoch=1/3 inner_balanced_accuracy=0.252331
[muat_style_tcga_comparator] endpoint=cancer_type_top20 fold=1/5 candidate=7/18 embed=256 layers=1 heads=1 selection_epoch=3/3 inner_balanced_accuracy=0.306774
[muat_style_tcga_comparator] endpoint=cancer_type_top20 fold=1/5 candidate=8/18 embed=256 layers=1 heads=2 selection_epoch=1/3 inner_balanced_accuracy=0.232994
[muat_style_tcga_comparator] endpoint=cancer_type_top20 fold=1/5 candidate=8/18 embed=256 layers=1 heads=2 selection_epoch=3/3 inner_balanced_accuracy=0.296361
[muat_style_tcga_comparator] endpoint=cancer_type_top20 fold=1/5 candidate=9/18 embed=256 layers=2 heads=1 selection_epoch=1/3 inner_balanced_accuracy=0.330961
[muat_style_tcga_comparator] endpoint=cancer_type_top20 fold=1/5 candidate=9/18 embed=256 layers=2 heads=1 selection_epoch=3/3 inner_balanced_accuracy=0.338573
[muat_style_tcga_comparator] endpoint=cancer_type_top20 fold=1/5 candidate=10/18 embed=256 layers=2 heads=2 selection_epoch=1/3 inner_balanced_accuracy=0.327751
[muat_style_tcga_comparator] endpoint=cancer_type_top20 fold=1/5 candidate=10/18 embed=256 layers=2 heads=2 selection_epoch=3/3 inner_balanced_accuracy=0.378989
[muat_style_tcga_comparator] endpoint=cancer_type_top20 fold=1/5 candidate=11/18 embed=256 layers=4 heads=1 selection_epoch=1/3 inner_balanced_accuracy=0.346999
[muat_style_tcga_comparator] endpoint=cancer_type_top20 fold=1/5 candidate=11/18 embed=256 layers=4 heads=1 selection_epoch=3/3 inner_balanced_accuracy=0.34735
[muat_style_tcga_comparator] endpoint=cancer_type_top20 fold=1/5 candidate=12/18 embed=256 layers=4 heads=2 selection_epoch=1/3 inner_balanced_accuracy=0.267708
[muat_style_tcga_comparator] endpoint=cancer_type_top20 fold=1/5 candidate=12/18 embed=256 layers=4 heads=2 selection_epoch=3/3 inner_balanced_accuracy=0.319699
[muat_style_tcga_comparator] endpoint=cancer_type_top20 fold=1/5 candidate=13/18 embed=512 layers=1 heads=1 selection_epoch=1/3 inner_balanced_accuracy=0.108177
[muat_style_tcga_comparator] endpoint=cancer_type_top20 fold=1/5 candidate=13/18 embed=512 layers=1 heads=1 selection_epoch=3/3 inner_balanced_accuracy=0.0779006
[muat_style_tcga_comparator] endpoint=cancer_type_top20 fold=1/5 candidate=14/18 embed=512 layers=1 heads=2 selection_epoch=1/3 inner_balanced_accuracy=0.137085
[muat_style_tcga_comparator] endpoint=cancer_type_top20 fold=1/5 candidate=14/18 embed=512 layers=1 heads=2 selection_epoch=3/3 inner_balanced_accuracy=0.177471
[muat_style_tcga_comparator] endpoint=cancer_type_top20 fold=1/5 candidate=15/18 embed=512 layers=2 heads=1 selection_epoch=1/3 inner_balanced_accuracy=0.240189
[muat_style_tcga_comparator] endpoint=cancer_type_top20 fold=1/5 candidate=15/18 embed=512 layers=2 heads=1 selection_epoch=3/3 inner_balanced_accuracy=0.0847639
[muat_style_tcga_comparator] endpoint=cancer_type_top20 fold=1/5 candidate=16/18 embed=512 layers=2 heads=2 selection_epoch=1/3 inner_balanced_accuracy=0.258415
[muat_style_tcga_comparator] endpoint=cancer_type_top20 fold=1/5 candidate=16/18 embed=512 layers=2 heads=2 selection_epoch=3/3 inner_balanced_accuracy=0.167254
[muat_style_tcga_comparator] endpoint=cancer_type_top20 fold=1/5 candidate=17/18 embed=512 layers=4 heads=1 selection_epoch=1/3 inner_balanced_accuracy=0.275102
[muat_style_tcga_comparator] endpoint=cancer_type_top20 fold=1/5 candidate=17/18 embed=512 layers=4 heads=1 selection_epoch=3/3 inner_balanced_accuracy=0.12641
[muat_style_tcga_comparator] endpoint=cancer_type_top20 fold=1/5 candidate=18/18 embed=512 layers=4 heads=2 selection_epoch=1/3 inner_balanced_accuracy=0.330109
[muat_style_tcga_comparator] endpoint=cancer_type_top20 fold=1/5 candidate=18/18 embed=512 layers=4 heads=2 selection_epoch=3/3 inner_balanced_accuracy=0.300108
[muat_style_tcga_comparator] endpoint=cancer_type_top20 fold=1/5 final_epoch_selection candidate=5 budget=150 (architecture ranked over 3 epochs)
[muat_style_tcga_comparator] endpoint=cancer_type_top20 fold=1/5 final_epoch_selection embed=128 layers=4 heads=1 selection_epoch=1/150 inner_balanced_accuracy=0.291394
[muat_style_tcga_comparator] endpoint=cancer_type_top20 fold=1/5 final_epoch_selection embed=128 layers=4 heads=1 selection_epoch=10/150 inner_balanced_accuracy=0.433436
[muat_style_tcga_comparator] endpoint=cancer_type_top20 fold=1/5 final_epoch_selection embed=128 layers=4 heads=1 selection_epoch=20/150 inner_balanced_accuracy=0.472739
[muat_style_tcga_comparator] endpoint=cancer_type_top20 fold=1/5 final_epoch_selection embed=128 layers=4 heads=1 selection_epoch=30/150 inner_balanced_accuracy=0.503874
[muat_style_tcga_comparator] endpoint=cancer_type_top20 fold=1/5 final_epoch_selection embed=128 layers=4 heads=1 selection_epoch=40/150 inner_balanced_accuracy=0.522061
[muat_style_tcga_comparator] endpoint=cancer_type_top20 fold=1/5 final_epoch_selection embed=128 layers=4 heads=1 selection_epoch=50/150 inner_balanced_accuracy=0.515894
[muat_style_tcga_comparator] endpoint=cancer_type_top20 fold=1/5 final_epoch_selection embed=128 layers=4 heads=1 selection_epoch=60/150 inner_balanced_accuracy=0.528441
[muat_style_tcga_comparator] endpoint=cancer_type_top20 fold=1/5 final_epoch_selection embed=128 layers=4 heads=1 selection_epoch=70/150 inner_balanced_accuracy=0.544409
[muat_style_tcga_comparator] endpoint=cancer_type_top20 fold=1/5 final_epoch_selection embed=128 layers=4 heads=1 selection_epoch=80/150 inner_balanced_accuracy=0.544766
[muat_style_tcga_comparator] endpoint=cancer_type_top20 fold=1/5 final_epoch_selection embed=128 layers=4 heads=1 selection_epoch=90/150 inner_balanced_accuracy=0.569171
